// Jest Snapshot v1, https://goo.gl/fbAQLP

exports[`CreateHouseholdForm renders successfully 1`] = `ReactWrapper {}`;
